// Vitest Snapshot v1, https://vitest.dev/guide/snapshot.html

exports[`test trades processor > check trades pricing 1`] = `
Map {
  11 => [],
  12 => [],
  10 => [
    [
      1,
      [
        "50",
        "0.1",
      ],
    ],
    [
      26,
      [
        "260",
        "338",
      ],
    ],
    [
      51,
      [
        "2550",
        "260.1",
      ],
    ],
    [
      76,
      [
        "760",
        "2888",
      ],
    ],
    [
      101,
      [
        "5050",
        "1020.1",
      ],
    ],
    [
      126,
      [
        "1260",
        "7938",
      ],
    ],
    [
      151,
      [
        "7550",
        "2280.1",
      ],
    ],
    [
      176,
      [
        "1760",
        "15488",
      ],
    ],
    [
      201,
      [
        "10050",
        "4040.1",
      ],
    ],
    [
      226,
      [
        "2260",
        "25538",
      ],
    ],
    [
      251,
      [
        "12550",
        "6300.1",
      ],
    ],
    [
      276,
      [
        "2760",
        "38088",
      ],
    ],
    [
      301,
      [
        "15050",
        "9060.1",
      ],
    ],
    [
      326,
      [
        "3260",
        "53138",
      ],
    ],
    [
      351,
      [
        "17550",
        "12320.1",
      ],
    ],
    [
      376,
      [
        "3760",
        "70688",
      ],
    ],
    [
      401,
      [
        "20050",
        "16080.1",
      ],
    ],
    [
      426,
      [
        "4260",
        "90738",
      ],
    ],
    [
      451,
      [
        "22550",
        "20340.1",
      ],
    ],
    [
      476,
      [
        "4760",
        "113288",
      ],
    ],
    [
      501,
      [
        "25050",
        "25100.1",
      ],
    ],
    [
      526,
      [
        "5260",
        "138338",
      ],
    ],
    [
      551,
      [
        "27550",
        "30360.1",
      ],
    ],
    [
      576,
      [
        "5760",
        "165888",
      ],
    ],
    [
      601,
      [
        "30050",
        "36120.1",
      ],
    ],
    [
      626,
      [
        "6260",
        "195938",
      ],
    ],
    [
      651,
      [
        "32550",
        "42380.1",
      ],
    ],
    [
      676,
      [
        "6760",
        "228488",
      ],
    ],
    [
      701,
      [
        "35050",
        "49140.1",
      ],
    ],
    [
      726,
      [
        "7260",
        "263538",
      ],
    ],
    [
      751,
      [
        "37550",
        "56400.1",
      ],
    ],
    [
      776,
      [
        "7760",
        "301088",
      ],
    ],
    [
      801,
      [
        "40050",
        "64160.1",
      ],
    ],
    [
      826,
      [
        "8260",
        "341138",
      ],
    ],
    [
      851,
      [
        "42550",
        "72420.1",
      ],
    ],
    [
      876,
      [
        "8760",
        "383688",
      ],
    ],
    [
      901,
      [
        "45050",
        "81180.1",
      ],
    ],
    [
      926,
      [
        "9260",
        "428738",
      ],
    ],
    [
      951,
      [
        "47550",
        "90440.1",
      ],
    ],
    [
      976,
      [
        "9760",
        "476288",
      ],
    ],
  ],
  13 => [],
  14 => [
    [
      1,
      [
        "0.2",
        "300",
      ],
    ],
    [
      76,
      [
        "1155.2",
        "1732800",
      ],
    ],
    [
      101,
      [
        "2040.2",
        "3060300",
      ],
    ],
    [
      176,
      [
        "6195.2",
        "92928",
      ],
    ],
    [
      201,
      [
        "8080.2",
        "121203",
      ],
    ],
    [
      276,
      [
        "15235.2",
        "228528",
      ],
    ],
    [
      301,
      [
        "18120.2",
        "271803",
      ],
    ],
    [
      376,
      [
        "28275.2",
        "424128",
      ],
    ],
    [
      401,
      [
        "32160.2",
        "482403",
      ],
    ],
    [
      476,
      [
        "45315.2",
        "679728",
      ],
    ],
  ],
  15 => [],
  16 => [],
  17 => [],
  18 => [],
}
`;
