// Vitest Snapshot v1, https://vitest.dev/guide/snapshot.html

exports[`test volumes processor > check volumes pricing 1`] = `
Map {
  11 => [],
  12 => [
    [
      1,
      [
        "10",
        "1001",
      ],
    ],
    [
      2,
      [
        "20",
        "2004",
      ],
    ],
    [
      3,
      [
        "30",
        "3009",
      ],
    ],
    [
      4,
      [
        "40",
        "4016",
      ],
    ],
    [
      5,
      [
        "50",
        "5025",
      ],
    ],
    [
      6,
      [
        "60",
        "6036",
      ],
    ],
    [
      7,
      [
        "70",
        "7049",
      ],
    ],
    [
      8,
      [
        "80",
        "8064",
      ],
    ],
    [
      9,
      [
        "90",
        "9081",
      ],
    ],
    [
      10,
      [
        "100",
        "10100",
      ],
    ],
    [
      11,
      [
        "110",
        "11121",
      ],
    ],
    [
      12,
      [
        "120",
        "12144",
      ],
    ],
    [
      13,
      [
        "130",
        "13169",
      ],
    ],
    [
      14,
      [
        "140",
        "14196",
      ],
    ],
    [
      15,
      [
        "150",
        "15225",
      ],
    ],
    [
      16,
      [
        "160",
        "16256",
      ],
    ],
    [
      17,
      [
        "170",
        "17289",
      ],
    ],
    [
      18,
      [
        "180",
        "18324",
      ],
    ],
    [
      19,
      [
        "190",
        "19361",
      ],
    ],
    [
      20,
      [
        "200",
        "20400",
      ],
    ],
    [
      21,
      [
        "210",
        "21441",
      ],
    ],
    [
      22,
      [
        "220",
        "22484",
      ],
    ],
    [
      23,
      [
        "230",
        "23529",
      ],
    ],
    [
      24,
      [
        "240",
        "24576",
      ],
    ],
    [
      25,
      [
        "250",
        "25625",
      ],
    ],
    [
      26,
      [
        "260",
        "26676",
      ],
    ],
    [
      27,
      [
        "270",
        "27729",
      ],
    ],
    [
      28,
      [
        "280",
        "28784",
      ],
    ],
    [
      29,
      [
        "290",
        "29841",
      ],
    ],
    [
      30,
      [
        "300",
        "30900",
      ],
    ],
    [
      31,
      [
        "310",
        "31961",
      ],
    ],
    [
      32,
      [
        "320",
        "33024",
      ],
    ],
    [
      33,
      [
        "330",
        "34089",
      ],
    ],
    [
      34,
      [
        "340",
        "35156",
      ],
    ],
    [
      35,
      [
        "350",
        "36225",
      ],
    ],
    [
      36,
      [
        "360",
        "37296",
      ],
    ],
    [
      37,
      [
        "370",
        "38369",
      ],
    ],
    [
      38,
      [
        "380",
        "39444",
      ],
    ],
    [
      39,
      [
        "390",
        "40521",
      ],
    ],
    [
      40,
      [
        "400",
        "41600",
      ],
    ],
    [
      41,
      [
        "410",
        "42681",
      ],
    ],
    [
      42,
      [
        "420",
        "43764",
      ],
    ],
    [
      43,
      [
        "430",
        "44849",
      ],
    ],
    [
      44,
      [
        "440",
        "45936",
      ],
    ],
    [
      45,
      [
        "450",
        "47025",
      ],
    ],
    [
      46,
      [
        "460",
        "48116",
      ],
    ],
    [
      47,
      [
        "470",
        "49209",
      ],
    ],
    [
      48,
      [
        "480",
        "50304",
      ],
    ],
    [
      49,
      [
        "490",
        "51401",
      ],
    ],
    [
      50,
      [
        "500",
        "52500",
      ],
    ],
    [
      51,
      [
        "510",
        "53601",
      ],
    ],
    [
      52,
      [
        "520",
        "54704",
      ],
    ],
    [
      53,
      [
        "530",
        "55809",
      ],
    ],
    [
      54,
      [
        "540",
        "56916",
      ],
    ],
    [
      55,
      [
        "550",
        "58025",
      ],
    ],
    [
      56,
      [
        "560",
        "59136",
      ],
    ],
    [
      57,
      [
        "570",
        "60249",
      ],
    ],
    [
      58,
      [
        "580",
        "61364",
      ],
    ],
    [
      59,
      [
        "590",
        "62481",
      ],
    ],
    [
      60,
      [
        "600",
        "63600",
      ],
    ],
    [
      61,
      [
        "610",
        "64721",
      ],
    ],
    [
      62,
      [
        "620",
        "65844",
      ],
    ],
    [
      63,
      [
        "630",
        "66969",
      ],
    ],
    [
      64,
      [
        "640",
        "68096",
      ],
    ],
    [
      65,
      [
        "650",
        "69225",
      ],
    ],
    [
      66,
      [
        "660",
        "70356",
      ],
    ],
    [
      67,
      [
        "670",
        "71489",
      ],
    ],
    [
      68,
      [
        "680",
        "72624",
      ],
    ],
    [
      69,
      [
        "690",
        "73761",
      ],
    ],
    [
      70,
      [
        "700",
        "74900",
      ],
    ],
    [
      71,
      [
        "710",
        "76041",
      ],
    ],
    [
      72,
      [
        "720",
        "77184",
      ],
    ],
    [
      73,
      [
        "730",
        "78329",
      ],
    ],
    [
      74,
      [
        "740",
        "79476",
      ],
    ],
    [
      75,
      [
        "750",
        "80625",
      ],
    ],
    [
      76,
      [
        "760",
        "81776",
      ],
    ],
    [
      77,
      [
        "770",
        "82929",
      ],
    ],
    [
      78,
      [
        "780",
        "84084",
      ],
    ],
    [
      79,
      [
        "790",
        "85241",
      ],
    ],
    [
      80,
      [
        "800",
        "86400",
      ],
    ],
    [
      81,
      [
        "810",
        "87561",
      ],
    ],
    [
      82,
      [
        "820",
        "88724",
      ],
    ],
    [
      83,
      [
        "830",
        "89889",
      ],
    ],
    [
      84,
      [
        "840",
        "91056",
      ],
    ],
    [
      85,
      [
        "850",
        "92225",
      ],
    ],
    [
      86,
      [
        "860",
        "93396",
      ],
    ],
    [
      87,
      [
        "870",
        "94569",
      ],
    ],
    [
      88,
      [
        "880",
        "95744",
      ],
    ],
    [
      89,
      [
        "890",
        "96921",
      ],
    ],
    [
      90,
      [
        "900",
        "98100",
      ],
    ],
    [
      91,
      [
        "910",
        "99281",
      ],
    ],
    [
      92,
      [
        "920",
        "100464",
      ],
    ],
    [
      93,
      [
        "930",
        "101649",
      ],
    ],
    [
      94,
      [
        "940",
        "102836",
      ],
    ],
    [
      95,
      [
        "950",
        "104025",
      ],
    ],
    [
      96,
      [
        "960",
        "105216",
      ],
    ],
    [
      97,
      [
        "970",
        "106409",
      ],
    ],
    [
      98,
      [
        "980",
        "107604",
      ],
    ],
    [
      99,
      [
        "990",
        "108801",
      ],
    ],
    [
      100,
      [
        "1000",
        "110000",
      ],
    ],
    [
      101,
      [
        "1010",
        "111201",
      ],
    ],
    [
      102,
      [
        "1020",
        "112404",
      ],
    ],
    [
      103,
      [
        "1030",
        "113609",
      ],
    ],
    [
      104,
      [
        "1040",
        "114816",
      ],
    ],
    [
      105,
      [
        "1050",
        "116025",
      ],
    ],
    [
      106,
      [
        "1060",
        "117236",
      ],
    ],
    [
      107,
      [
        "1070",
        "118449",
      ],
    ],
    [
      108,
      [
        "1080",
        "119664",
      ],
    ],
    [
      109,
      [
        "1090",
        "120881",
      ],
    ],
    [
      110,
      [
        "1100",
        "122100",
      ],
    ],
    [
      111,
      [
        "1110",
        "123321",
      ],
    ],
    [
      112,
      [
        "1120",
        "124544",
      ],
    ],
    [
      113,
      [
        "1130",
        "125769",
      ],
    ],
    [
      114,
      [
        "1140",
        "126996",
      ],
    ],
    [
      115,
      [
        "1150",
        "128225",
      ],
    ],
    [
      116,
      [
        "1160",
        "129456",
      ],
    ],
    [
      117,
      [
        "1170",
        "130689",
      ],
    ],
    [
      118,
      [
        "1180",
        "131924",
      ],
    ],
    [
      119,
      [
        "1190",
        "133161",
      ],
    ],
    [
      120,
      [
        "1200",
        "134400",
      ],
    ],
    [
      121,
      [
        "1210",
        "135641",
      ],
    ],
    [
      122,
      [
        "1220",
        "136884",
      ],
    ],
    [
      123,
      [
        "1230",
        "138129",
      ],
    ],
    [
      124,
      [
        "1240",
        "139376",
      ],
    ],
    [
      125,
      [
        "1250",
        "140625",
      ],
    ],
    [
      126,
      [
        "1260",
        "141876",
      ],
    ],
    [
      127,
      [
        "1270",
        "143129",
      ],
    ],
    [
      128,
      [
        "1280",
        "144384",
      ],
    ],
    [
      129,
      [
        "1290",
        "145641",
      ],
    ],
    [
      130,
      [
        "1300",
        "146900",
      ],
    ],
    [
      131,
      [
        "1310",
        "148161",
      ],
    ],
    [
      132,
      [
        "1320",
        "149424",
      ],
    ],
    [
      133,
      [
        "1330",
        "150689",
      ],
    ],
    [
      134,
      [
        "1340",
        "151956",
      ],
    ],
    [
      135,
      [
        "1350",
        "153225",
      ],
    ],
    [
      136,
      [
        "1360",
        "154496",
      ],
    ],
    [
      137,
      [
        "1370",
        "155769",
      ],
    ],
    [
      138,
      [
        "1380",
        "157044",
      ],
    ],
    [
      139,
      [
        "1390",
        "158321",
      ],
    ],
    [
      140,
      [
        "1400",
        "159600",
      ],
    ],
    [
      141,
      [
        "1410",
        "160881",
      ],
    ],
    [
      142,
      [
        "1420",
        "162164",
      ],
    ],
    [
      143,
      [
        "1430",
        "163449",
      ],
    ],
    [
      144,
      [
        "1440",
        "164736",
      ],
    ],
    [
      145,
      [
        "1450",
        "166025",
      ],
    ],
    [
      146,
      [
        "1460",
        "167316",
      ],
    ],
    [
      147,
      [
        "1470",
        "168609",
      ],
    ],
    [
      148,
      [
        "1480",
        "169904",
      ],
    ],
    [
      149,
      [
        "1490",
        "171201",
      ],
    ],
    [
      150,
      [
        "1500",
        "172500",
      ],
    ],
    [
      151,
      [
        "1510",
        "173801",
      ],
    ],
    [
      152,
      [
        "1520",
        "175104",
      ],
    ],
    [
      153,
      [
        "1530",
        "176409",
      ],
    ],
    [
      154,
      [
        "1540",
        "177716",
      ],
    ],
    [
      155,
      [
        "1550",
        "179025",
      ],
    ],
    [
      156,
      [
        "1560",
        "180336",
      ],
    ],
    [
      157,
      [
        "1570",
        "181649",
      ],
    ],
    [
      158,
      [
        "1580",
        "182964",
      ],
    ],
    [
      159,
      [
        "1590",
        "184281",
      ],
    ],
    [
      160,
      [
        "1600",
        "185600",
      ],
    ],
    [
      161,
      [
        "1610",
        "186921",
      ],
    ],
    [
      162,
      [
        "1620",
        "188244",
      ],
    ],
    [
      163,
      [
        "1630",
        "189569",
      ],
    ],
    [
      164,
      [
        "1640",
        "190896",
      ],
    ],
    [
      165,
      [
        "1650",
        "192225",
      ],
    ],
    [
      166,
      [
        "1660",
        "193556",
      ],
    ],
    [
      167,
      [
        "1670",
        "194889",
      ],
    ],
    [
      168,
      [
        "1680",
        "196224",
      ],
    ],
    [
      169,
      [
        "1690",
        "197561",
      ],
    ],
    [
      170,
      [
        "1700",
        "198900",
      ],
    ],
    [
      171,
      [
        "1710",
        "200241",
      ],
    ],
    [
      172,
      [
        "1720",
        "201584",
      ],
    ],
    [
      173,
      [
        "1730",
        "202929",
      ],
    ],
    [
      174,
      [
        "1740",
        "204276",
      ],
    ],
    [
      175,
      [
        "1750",
        "205625",
      ],
    ],
    [
      176,
      [
        "1760",
        "206976",
      ],
    ],
    [
      177,
      [
        "1770",
        "208329",
      ],
    ],
    [
      178,
      [
        "1780",
        "209684",
      ],
    ],
    [
      179,
      [
        "1790",
        "211041",
      ],
    ],
    [
      180,
      [
        "1800",
        "212400",
      ],
    ],
    [
      181,
      [
        "1810",
        "213761",
      ],
    ],
    [
      182,
      [
        "1820",
        "215124",
      ],
    ],
    [
      183,
      [
        "1830",
        "216489",
      ],
    ],
    [
      184,
      [
        "1840",
        "217856",
      ],
    ],
    [
      185,
      [
        "1850",
        "219225",
      ],
    ],
    [
      186,
      [
        "1860",
        "220596",
      ],
    ],
    [
      187,
      [
        "1870",
        "221969",
      ],
    ],
    [
      188,
      [
        "1880",
        "223344",
      ],
    ],
    [
      189,
      [
        "1890",
        "224721",
      ],
    ],
    [
      190,
      [
        "1900",
        "226100",
      ],
    ],
    [
      191,
      [
        "1910",
        "227481",
      ],
    ],
    [
      192,
      [
        "1920",
        "228864",
      ],
    ],
    [
      193,
      [
        "1930",
        "230249",
      ],
    ],
    [
      194,
      [
        "1940",
        "231636",
      ],
    ],
    [
      195,
      [
        "1950",
        "233025",
      ],
    ],
    [
      196,
      [
        "1960",
        "234416",
      ],
    ],
    [
      197,
      [
        "1970",
        "235809",
      ],
    ],
    [
      198,
      [
        "1980",
        "237204",
      ],
    ],
    [
      199,
      [
        "1990",
        "238601",
      ],
    ],
    [
      200,
      [
        "2000",
        "240000",
      ],
    ],
    [
      201,
      [
        "2010",
        "241401",
      ],
    ],
    [
      202,
      [
        "2020",
        "242804",
      ],
    ],
    [
      203,
      [
        "2030",
        "244209",
      ],
    ],
    [
      204,
      [
        "2040",
        "245616",
      ],
    ],
    [
      205,
      [
        "2050",
        "247025",
      ],
    ],
    [
      206,
      [
        "2060",
        "248436",
      ],
    ],
    [
      207,
      [
        "2070",
        "249849",
      ],
    ],
    [
      208,
      [
        "2080",
        "251264",
      ],
    ],
    [
      209,
      [
        "2090",
        "252681",
      ],
    ],
    [
      210,
      [
        "2100",
        "254100",
      ],
    ],
    [
      211,
      [
        "2110",
        "255521",
      ],
    ],
    [
      212,
      [
        "2120",
        "256944",
      ],
    ],
    [
      213,
      [
        "2130",
        "258369",
      ],
    ],
    [
      214,
      [
        "2140",
        "259796",
      ],
    ],
    [
      215,
      [
        "2150",
        "261225",
      ],
    ],
    [
      216,
      [
        "2160",
        "262656",
      ],
    ],
    [
      217,
      [
        "2170",
        "264089",
      ],
    ],
    [
      218,
      [
        "2180",
        "265524",
      ],
    ],
    [
      219,
      [
        "2190",
        "266961",
      ],
    ],
    [
      220,
      [
        "2200",
        "268400",
      ],
    ],
    [
      221,
      [
        "2210",
        "269841",
      ],
    ],
    [
      222,
      [
        "2220",
        "271284",
      ],
    ],
    [
      223,
      [
        "2230",
        "272729",
      ],
    ],
    [
      224,
      [
        "2240",
        "274176",
      ],
    ],
    [
      225,
      [
        "2250",
        "275625",
      ],
    ],
    [
      226,
      [
        "2260",
        "277076",
      ],
    ],
    [
      227,
      [
        "2270",
        "278529",
      ],
    ],
    [
      228,
      [
        "2280",
        "279984",
      ],
    ],
    [
      229,
      [
        "2290",
        "281441",
      ],
    ],
    [
      230,
      [
        "2300",
        "282900",
      ],
    ],
    [
      231,
      [
        "2310",
        "284361",
      ],
    ],
    [
      232,
      [
        "2320",
        "285824",
      ],
    ],
    [
      233,
      [
        "2330",
        "287289",
      ],
    ],
    [
      234,
      [
        "2340",
        "288756",
      ],
    ],
    [
      235,
      [
        "2350",
        "290225",
      ],
    ],
    [
      236,
      [
        "2360",
        "291696",
      ],
    ],
    [
      237,
      [
        "2370",
        "293169",
      ],
    ],
    [
      238,
      [
        "2380",
        "294644",
      ],
    ],
    [
      239,
      [
        "2390",
        "296121",
      ],
    ],
    [
      240,
      [
        "2400",
        "297600",
      ],
    ],
    [
      241,
      [
        "2410",
        "299081",
      ],
    ],
    [
      242,
      [
        "2420",
        "300564",
      ],
    ],
    [
      243,
      [
        "2430",
        "302049",
      ],
    ],
    [
      244,
      [
        "2440",
        "303536",
      ],
    ],
    [
      245,
      [
        "2450",
        "305025",
      ],
    ],
    [
      246,
      [
        "2460",
        "306516",
      ],
    ],
    [
      247,
      [
        "2470",
        "308009",
      ],
    ],
    [
      248,
      [
        "2480",
        "309504",
      ],
    ],
    [
      249,
      [
        "2490",
        "311001",
      ],
    ],
    [
      250,
      [
        "2500",
        "312500",
      ],
    ],
    [
      751,
      [
        "7510",
        "1315001",
      ],
    ],
    [
      752,
      [
        "7520",
        "1317504",
      ],
    ],
    [
      753,
      [
        "7530",
        "1320009",
      ],
    ],
    [
      754,
      [
        "7540",
        "1322516",
      ],
    ],
    [
      755,
      [
        "7550",
        "1325025",
      ],
    ],
    [
      756,
      [
        "7560",
        "1327536",
      ],
    ],
    [
      757,
      [
        "7570",
        "1330049",
      ],
    ],
    [
      758,
      [
        "7580",
        "1332564",
      ],
    ],
    [
      759,
      [
        "7590",
        "1335081",
      ],
    ],
    [
      760,
      [
        "7600",
        "1337600",
      ],
    ],
    [
      761,
      [
        "7610",
        "1340121",
      ],
    ],
    [
      762,
      [
        "7620",
        "1342644",
      ],
    ],
    [
      763,
      [
        "7630",
        "1345169",
      ],
    ],
    [
      764,
      [
        "7640",
        "1347696",
      ],
    ],
    [
      765,
      [
        "7650",
        "1350225",
      ],
    ],
    [
      766,
      [
        "7660",
        "1352756",
      ],
    ],
    [
      767,
      [
        "7670",
        "1355289",
      ],
    ],
    [
      768,
      [
        "7680",
        "1357824",
      ],
    ],
    [
      769,
      [
        "7690",
        "1360361",
      ],
    ],
    [
      770,
      [
        "7700",
        "1362900",
      ],
    ],
    [
      771,
      [
        "7710",
        "1365441",
      ],
    ],
    [
      772,
      [
        "7720",
        "1367984",
      ],
    ],
    [
      773,
      [
        "7730",
        "1370529",
      ],
    ],
    [
      774,
      [
        "7740",
        "1373076",
      ],
    ],
    [
      775,
      [
        "7750",
        "1375625",
      ],
    ],
    [
      776,
      [
        "7760",
        "1378176",
      ],
    ],
    [
      777,
      [
        "7770",
        "1380729",
      ],
    ],
    [
      778,
      [
        "7780",
        "1383284",
      ],
    ],
    [
      779,
      [
        "7790",
        "1385841",
      ],
    ],
    [
      780,
      [
        "7800",
        "1388400",
      ],
    ],
    [
      781,
      [
        "7810",
        "1390961",
      ],
    ],
    [
      782,
      [
        "7820",
        "1393524",
      ],
    ],
    [
      783,
      [
        "7830",
        "1396089",
      ],
    ],
    [
      784,
      [
        "7840",
        "1398656",
      ],
    ],
    [
      785,
      [
        "7850",
        "1401225",
      ],
    ],
    [
      786,
      [
        "7860",
        "1403796",
      ],
    ],
    [
      787,
      [
        "7870",
        "1406369",
      ],
    ],
    [
      788,
      [
        "7880",
        "1408944",
      ],
    ],
    [
      789,
      [
        "7890",
        "1411521",
      ],
    ],
    [
      790,
      [
        "7900",
        "1414100",
      ],
    ],
    [
      791,
      [
        "7910",
        "1416681",
      ],
    ],
    [
      792,
      [
        "7920",
        "1419264",
      ],
    ],
    [
      793,
      [
        "7930",
        "1421849",
      ],
    ],
    [
      794,
      [
        "7940",
        "1424436",
      ],
    ],
    [
      795,
      [
        "7950",
        "1427025",
      ],
    ],
    [
      796,
      [
        "7960",
        "1429616",
      ],
    ],
    [
      797,
      [
        "7970",
        "1432209",
      ],
    ],
    [
      798,
      [
        "7980",
        "1434804",
      ],
    ],
    [
      799,
      [
        "7990",
        "1437401",
      ],
    ],
    [
      800,
      [
        "8000",
        "1440000",
      ],
    ],
    [
      801,
      [
        "8010",
        "1442601",
      ],
    ],
    [
      802,
      [
        "8020",
        "1445204",
      ],
    ],
    [
      803,
      [
        "8030",
        "1447809",
      ],
    ],
    [
      804,
      [
        "8040",
        "1450416",
      ],
    ],
    [
      805,
      [
        "8050",
        "1453025",
      ],
    ],
    [
      806,
      [
        "8060",
        "1455636",
      ],
    ],
    [
      807,
      [
        "8070",
        "1458249",
      ],
    ],
    [
      808,
      [
        "8080",
        "1460864",
      ],
    ],
    [
      809,
      [
        "8090",
        "1463481",
      ],
    ],
    [
      810,
      [
        "8100",
        "1466100",
      ],
    ],
    [
      811,
      [
        "8110",
        "1468721",
      ],
    ],
    [
      812,
      [
        "8120",
        "1471344",
      ],
    ],
    [
      813,
      [
        "8130",
        "1473969",
      ],
    ],
    [
      814,
      [
        "8140",
        "1476596",
      ],
    ],
    [
      815,
      [
        "8150",
        "1479225",
      ],
    ],
    [
      816,
      [
        "8160",
        "1481856",
      ],
    ],
    [
      817,
      [
        "8170",
        "1484489",
      ],
    ],
    [
      818,
      [
        "8180",
        "1487124",
      ],
    ],
    [
      819,
      [
        "8190",
        "1489761",
      ],
    ],
    [
      820,
      [
        "8200",
        "1492400",
      ],
    ],
    [
      821,
      [
        "8210",
        "1495041",
      ],
    ],
    [
      822,
      [
        "8220",
        "1497684",
      ],
    ],
    [
      823,
      [
        "8230",
        "1500329",
      ],
    ],
    [
      824,
      [
        "8240",
        "1502976",
      ],
    ],
    [
      825,
      [
        "8250",
        "1505625",
      ],
    ],
    [
      826,
      [
        "8260",
        "1508276",
      ],
    ],
    [
      827,
      [
        "8270",
        "1510929",
      ],
    ],
    [
      828,
      [
        "8280",
        "1513584",
      ],
    ],
    [
      829,
      [
        "8290",
        "1516241",
      ],
    ],
    [
      830,
      [
        "8300",
        "1518900",
      ],
    ],
    [
      831,
      [
        "8310",
        "1521561",
      ],
    ],
    [
      832,
      [
        "8320",
        "1524224",
      ],
    ],
    [
      833,
      [
        "8330",
        "1526889",
      ],
    ],
    [
      834,
      [
        "8340",
        "1529556",
      ],
    ],
    [
      835,
      [
        "8350",
        "1532225",
      ],
    ],
    [
      836,
      [
        "8360",
        "1534896",
      ],
    ],
    [
      837,
      [
        "8370",
        "1537569",
      ],
    ],
    [
      838,
      [
        "8380",
        "1540244",
      ],
    ],
    [
      839,
      [
        "8390",
        "1542921",
      ],
    ],
    [
      840,
      [
        "8400",
        "1545600",
      ],
    ],
    [
      841,
      [
        "8410",
        "1548281",
      ],
    ],
    [
      842,
      [
        "8420",
        "1550964",
      ],
    ],
    [
      843,
      [
        "8430",
        "1553649",
      ],
    ],
    [
      844,
      [
        "8440",
        "1556336",
      ],
    ],
    [
      845,
      [
        "8450",
        "1559025",
      ],
    ],
    [
      846,
      [
        "8460",
        "1561716",
      ],
    ],
    [
      847,
      [
        "8470",
        "1564409",
      ],
    ],
    [
      848,
      [
        "8480",
        "1567104",
      ],
    ],
    [
      849,
      [
        "8490",
        "1569801",
      ],
    ],
    [
      850,
      [
        "8500",
        "1572500",
      ],
    ],
    [
      851,
      [
        "8510",
        "1575201",
      ],
    ],
    [
      852,
      [
        "8520",
        "1577904",
      ],
    ],
    [
      853,
      [
        "8530",
        "1580609",
      ],
    ],
    [
      854,
      [
        "8540",
        "1583316",
      ],
    ],
    [
      855,
      [
        "8550",
        "1586025",
      ],
    ],
    [
      856,
      [
        "8560",
        "1588736",
      ],
    ],
    [
      857,
      [
        "8570",
        "1591449",
      ],
    ],
    [
      858,
      [
        "8580",
        "1594164",
      ],
    ],
    [
      859,
      [
        "8590",
        "1596881",
      ],
    ],
    [
      860,
      [
        "8600",
        "1599600",
      ],
    ],
    [
      861,
      [
        "8610",
        "1602321",
      ],
    ],
    [
      862,
      [
        "8620",
        "1605044",
      ],
    ],
    [
      863,
      [
        "8630",
        "1607769",
      ],
    ],
    [
      864,
      [
        "8640",
        "1610496",
      ],
    ],
    [
      865,
      [
        "8650",
        "1613225",
      ],
    ],
    [
      866,
      [
        "8660",
        "1615956",
      ],
    ],
    [
      867,
      [
        "8670",
        "1618689",
      ],
    ],
    [
      868,
      [
        "8680",
        "1621424",
      ],
    ],
    [
      869,
      [
        "8690",
        "1624161",
      ],
    ],
    [
      870,
      [
        "8700",
        "1626900",
      ],
    ],
    [
      871,
      [
        "8710",
        "1629641",
      ],
    ],
    [
      872,
      [
        "8720",
        "1632384",
      ],
    ],
    [
      873,
      [
        "8730",
        "1635129",
      ],
    ],
    [
      874,
      [
        "8740",
        "1637876",
      ],
    ],
    [
      875,
      [
        "8750",
        "1640625",
      ],
    ],
    [
      876,
      [
        "8760",
        "1643376",
      ],
    ],
    [
      877,
      [
        "8770",
        "1646129",
      ],
    ],
    [
      878,
      [
        "8780",
        "1648884",
      ],
    ],
    [
      879,
      [
        "8790",
        "1651641",
      ],
    ],
    [
      880,
      [
        "8800",
        "1654400",
      ],
    ],
    [
      881,
      [
        "8810",
        "1657161",
      ],
    ],
    [
      882,
      [
        "8820",
        "1659924",
      ],
    ],
    [
      883,
      [
        "8830",
        "1662689",
      ],
    ],
    [
      884,
      [
        "8840",
        "1665456",
      ],
    ],
    [
      885,
      [
        "8850",
        "1668225",
      ],
    ],
    [
      886,
      [
        "8860",
        "1670996",
      ],
    ],
    [
      887,
      [
        "8870",
        "1673769",
      ],
    ],
    [
      888,
      [
        "8880",
        "1676544",
      ],
    ],
    [
      889,
      [
        "8890",
        "1679321",
      ],
    ],
    [
      890,
      [
        "8900",
        "1682100",
      ],
    ],
    [
      891,
      [
        "8910",
        "1684881",
      ],
    ],
    [
      892,
      [
        "8920",
        "1687664",
      ],
    ],
    [
      893,
      [
        "8930",
        "1690449",
      ],
    ],
    [
      894,
      [
        "8940",
        "1693236",
      ],
    ],
    [
      895,
      [
        "8950",
        "1696025",
      ],
    ],
    [
      896,
      [
        "8960",
        "1698816",
      ],
    ],
    [
      897,
      [
        "8970",
        "1701609",
      ],
    ],
    [
      898,
      [
        "8980",
        "1704404",
      ],
    ],
    [
      899,
      [
        "8990",
        "1707201",
      ],
    ],
    [
      900,
      [
        "9000",
        "1710000",
      ],
    ],
    [
      901,
      [
        "9010",
        "1712801",
      ],
    ],
    [
      902,
      [
        "9020",
        "1715604",
      ],
    ],
    [
      903,
      [
        "9030",
        "1718409",
      ],
    ],
    [
      904,
      [
        "9040",
        "1721216",
      ],
    ],
    [
      905,
      [
        "9050",
        "1724025",
      ],
    ],
    [
      906,
      [
        "9060",
        "1726836",
      ],
    ],
    [
      907,
      [
        "9070",
        "1729649",
      ],
    ],
    [
      908,
      [
        "9080",
        "1732464",
      ],
    ],
    [
      909,
      [
        "9090",
        "1735281",
      ],
    ],
    [
      910,
      [
        "9100",
        "1738100",
      ],
    ],
    [
      911,
      [
        "9110",
        "1740921",
      ],
    ],
    [
      912,
      [
        "9120",
        "1743744",
      ],
    ],
    [
      913,
      [
        "9130",
        "1746569",
      ],
    ],
    [
      914,
      [
        "9140",
        "1749396",
      ],
    ],
    [
      915,
      [
        "9150",
        "1752225",
      ],
    ],
    [
      916,
      [
        "9160",
        "1755056",
      ],
    ],
    [
      917,
      [
        "9170",
        "1757889",
      ],
    ],
    [
      918,
      [
        "9180",
        "1760724",
      ],
    ],
    [
      919,
      [
        "9190",
        "1763561",
      ],
    ],
    [
      920,
      [
        "9200",
        "1766400",
      ],
    ],
    [
      921,
      [
        "9210",
        "1769241",
      ],
    ],
    [
      922,
      [
        "9220",
        "1772084",
      ],
    ],
    [
      923,
      [
        "9230",
        "1774929",
      ],
    ],
    [
      924,
      [
        "9240",
        "1777776",
      ],
    ],
    [
      925,
      [
        "9250",
        "1780625",
      ],
    ],
    [
      926,
      [
        "9260",
        "1783476",
      ],
    ],
    [
      927,
      [
        "9270",
        "1786329",
      ],
    ],
    [
      928,
      [
        "9280",
        "1789184",
      ],
    ],
    [
      929,
      [
        "9290",
        "1792041",
      ],
    ],
    [
      930,
      [
        "9300",
        "1794900",
      ],
    ],
    [
      931,
      [
        "9310",
        "1797761",
      ],
    ],
    [
      932,
      [
        "9320",
        "1800624",
      ],
    ],
    [
      933,
      [
        "9330",
        "1803489",
      ],
    ],
    [
      934,
      [
        "9340",
        "1806356",
      ],
    ],
    [
      935,
      [
        "9350",
        "1809225",
      ],
    ],
    [
      936,
      [
        "9360",
        "1812096",
      ],
    ],
    [
      937,
      [
        "9370",
        "1814969",
      ],
    ],
    [
      938,
      [
        "9380",
        "1817844",
      ],
    ],
    [
      939,
      [
        "9390",
        "1820721",
      ],
    ],
    [
      940,
      [
        "9400",
        "1823600",
      ],
    ],
    [
      941,
      [
        "9410",
        "1826481",
      ],
    ],
    [
      942,
      [
        "9420",
        "1829364",
      ],
    ],
    [
      943,
      [
        "9430",
        "1832249",
      ],
    ],
    [
      944,
      [
        "9440",
        "1835136",
      ],
    ],
    [
      945,
      [
        "9450",
        "1838025",
      ],
    ],
    [
      946,
      [
        "9460",
        "1840916",
      ],
    ],
    [
      947,
      [
        "9470",
        "1843809",
      ],
    ],
    [
      948,
      [
        "9480",
        "1846704",
      ],
    ],
    [
      949,
      [
        "9490",
        "1849601",
      ],
    ],
    [
      950,
      [
        "9500",
        "1852500",
      ],
    ],
    [
      951,
      [
        "9510",
        "1855401",
      ],
    ],
    [
      952,
      [
        "9520",
        "1858304",
      ],
    ],
    [
      953,
      [
        "9530",
        "1861209",
      ],
    ],
    [
      954,
      [
        "9540",
        "1864116",
      ],
    ],
    [
      955,
      [
        "9550",
        "1867025",
      ],
    ],
    [
      956,
      [
        "9560",
        "1869936",
      ],
    ],
    [
      957,
      [
        "9570",
        "1872849",
      ],
    ],
    [
      958,
      [
        "9580",
        "1875764",
      ],
    ],
    [
      959,
      [
        "9590",
        "1878681",
      ],
    ],
    [
      960,
      [
        "9600",
        "1881600",
      ],
    ],
    [
      961,
      [
        "9610",
        "1884521",
      ],
    ],
    [
      962,
      [
        "9620",
        "1887444",
      ],
    ],
    [
      963,
      [
        "9630",
        "1890369",
      ],
    ],
    [
      964,
      [
        "9640",
        "1893296",
      ],
    ],
    [
      965,
      [
        "9650",
        "1896225",
      ],
    ],
    [
      966,
      [
        "9660",
        "1899156",
      ],
    ],
    [
      967,
      [
        "9670",
        "1902089",
      ],
    ],
    [
      968,
      [
        "9680",
        "1905024",
      ],
    ],
    [
      969,
      [
        "9690",
        "1907961",
      ],
    ],
    [
      970,
      [
        "9700",
        "1910900",
      ],
    ],
    [
      971,
      [
        "9710",
        "1913841",
      ],
    ],
    [
      972,
      [
        "9720",
        "1916784",
      ],
    ],
    [
      973,
      [
        "9730",
        "1919729",
      ],
    ],
    [
      974,
      [
        "9740",
        "1922676",
      ],
    ],
    [
      975,
      [
        "9750",
        "1925625",
      ],
    ],
    [
      976,
      [
        "9760",
        "1928576",
      ],
    ],
    [
      977,
      [
        "9770",
        "1931529",
      ],
    ],
    [
      978,
      [
        "9780",
        "1934484",
      ],
    ],
    [
      979,
      [
        "9790",
        "1937441",
      ],
    ],
    [
      980,
      [
        "9800",
        "1940400",
      ],
    ],
    [
      981,
      [
        "9810",
        "1943361",
      ],
    ],
    [
      982,
      [
        "9820",
        "1946324",
      ],
    ],
    [
      983,
      [
        "9830",
        "1949289",
      ],
    ],
    [
      984,
      [
        "9840",
        "1952256",
      ],
    ],
    [
      985,
      [
        "9850",
        "1955225",
      ],
    ],
    [
      986,
      [
        "9860",
        "1958196",
      ],
    ],
    [
      987,
      [
        "9870",
        "1961169",
      ],
    ],
    [
      988,
      [
        "9880",
        "1964144",
      ],
    ],
    [
      989,
      [
        "9890",
        "1967121",
      ],
    ],
    [
      990,
      [
        "9900",
        "1970100",
      ],
    ],
    [
      991,
      [
        "9910",
        "1973081",
      ],
    ],
    [
      992,
      [
        "9920",
        "1976064",
      ],
    ],
    [
      993,
      [
        "9930",
        "1979049",
      ],
    ],
    [
      994,
      [
        "9940",
        "1982036",
      ],
    ],
    [
      995,
      [
        "9950",
        "1985025",
      ],
    ],
    [
      996,
      [
        "9960",
        "1988016",
      ],
    ],
    [
      997,
      [
        "9970",
        "1991009",
      ],
    ],
    [
      998,
      [
        "9980",
        "1994004",
      ],
    ],
    [
      999,
      [
        "9990",
        "1997001",
      ],
    ],
    [
      1000,
      [
        "10000",
        "2000000",
      ],
    ],
  ],
  10 => [],
  13 => [],
  14 => [],
  15 => [],
  16 => [
    [
      1,
      [
        "369",
        "340",
      ],
    ],
    [
      2,
      [
        "738",
        "700",
      ],
    ],
    [
      3,
      [
        "1107",
        "1080",
      ],
    ],
    [
      4,
      [
        "1476",
        "1480",
      ],
    ],
    [
      15,
      [
        "5535",
        "7200",
      ],
    ],
    [
      16,
      [
        "5904",
        "7840",
      ],
    ],
    [
      17,
      [
        "6273",
        "8500",
      ],
    ],
    [
      18,
      [
        "6642",
        "9180",
      ],
    ],
    [
      19,
      [
        "7011",
        "9880",
      ],
    ],
    [
      20,
      [
        "7380",
        "10600",
      ],
    ],
    [
      21,
      [
        "7749",
        "11340",
      ],
    ],
    [
      22,
      [
        "8118",
        "12100",
      ],
    ],
    [
      23,
      [
        "8487",
        "12880",
      ],
    ],
    [
      24,
      [
        "8856",
        "13680",
      ],
    ],
    [
      35,
      [
        "12915",
        "23800",
      ],
    ],
    [
      36,
      [
        "13284",
        "24840",
      ],
    ],
    [
      37,
      [
        "13653",
        "25900",
      ],
    ],
    [
      38,
      [
        "14022",
        "26980",
      ],
    ],
    [
      39,
      [
        "14391",
        "28080",
      ],
    ],
    [
      40,
      [
        "14760",
        "29200",
      ],
    ],
    [
      41,
      [
        "15129",
        "30340",
      ],
    ],
    [
      42,
      [
        "15498",
        "31500",
      ],
    ],
    [
      43,
      [
        "15867",
        "32680",
      ],
    ],
    [
      44,
      [
        "16236",
        "33880",
      ],
    ],
    [
      55,
      [
        "20295",
        "48400",
      ],
    ],
    [
      56,
      [
        "20664",
        "49840",
      ],
    ],
    [
      57,
      [
        "21033",
        "51300",
      ],
    ],
    [
      58,
      [
        "21402",
        "52780",
      ],
    ],
    [
      59,
      [
        "21771",
        "54280",
      ],
    ],
    [
      60,
      [
        "22140",
        "55800",
      ],
    ],
    [
      61,
      [
        "22509",
        "57340",
      ],
    ],
    [
      62,
      [
        "22878",
        "58900",
      ],
    ],
    [
      63,
      [
        "23247",
        "60480",
      ],
    ],
    [
      64,
      [
        "23616",
        "62080",
      ],
    ],
    [
      75,
      [
        "27675",
        "81000",
      ],
    ],
    [
      76,
      [
        "28044",
        "82840",
      ],
    ],
    [
      77,
      [
        "28413",
        "84700",
      ],
    ],
    [
      78,
      [
        "28782",
        "86580",
      ],
    ],
    [
      79,
      [
        "29151",
        "88480",
      ],
    ],
    [
      80,
      [
        "29520",
        "90400",
      ],
    ],
    [
      81,
      [
        "29889",
        "92340",
      ],
    ],
    [
      82,
      [
        "30258",
        "94300",
      ],
    ],
    [
      83,
      [
        "30627",
        "96280",
      ],
    ],
    [
      84,
      [
        "30996",
        "98280",
      ],
    ],
    [
      95,
      [
        "35055",
        "121600",
      ],
    ],
    [
      96,
      [
        "35424",
        "123840",
      ],
    ],
    [
      97,
      [
        "35793",
        "126100",
      ],
    ],
    [
      98,
      [
        "36162",
        "128380",
      ],
    ],
    [
      99,
      [
        "36531",
        "130680",
      ],
    ],
    [
      100,
      [
        "36900",
        "133000",
      ],
    ],
    [
      101,
      [
        "37269",
        "135340",
      ],
    ],
    [
      102,
      [
        "37638",
        "137700",
      ],
    ],
    [
      103,
      [
        "38007",
        "140080",
      ],
    ],
    [
      104,
      [
        "38376",
        "142480",
      ],
    ],
    [
      115,
      [
        "42435",
        "170200",
      ],
    ],
    [
      116,
      [
        "42804",
        "172840",
      ],
    ],
    [
      117,
      [
        "43173",
        "175500",
      ],
    ],
    [
      118,
      [
        "43542",
        "178180",
      ],
    ],
    [
      119,
      [
        "43911",
        "180880",
      ],
    ],
    [
      120,
      [
        "44280",
        "183600",
      ],
    ],
    [
      121,
      [
        "44649",
        "186340",
      ],
    ],
    [
      122,
      [
        "45018",
        "189100",
      ],
    ],
    [
      123,
      [
        "45387",
        "191880",
      ],
    ],
    [
      124,
      [
        "45756",
        "194680",
      ],
    ],
    [
      135,
      [
        "49815",
        "2268",
      ],
    ],
    [
      136,
      [
        "50184",
        "2298.4",
      ],
    ],
    [
      137,
      [
        "50553",
        "2329",
      ],
    ],
    [
      138,
      [
        "50922",
        "2359.8",
      ],
    ],
    [
      139,
      [
        "51291",
        "2390.8",
      ],
    ],
    [
      140,
      [
        "51660",
        "2422",
      ],
    ],
    [
      141,
      [
        "52029",
        "2453.4",
      ],
    ],
    [
      142,
      [
        "52398",
        "2485",
      ],
    ],
    [
      143,
      [
        "52767",
        "2516.8",
      ],
    ],
    [
      144,
      [
        "53136",
        "2548.8",
      ],
    ],
    [
      155,
      [
        "57195",
        "2914",
      ],
    ],
    [
      156,
      [
        "57564",
        "2948.4",
      ],
    ],
    [
      157,
      [
        "57933",
        "2983",
      ],
    ],
    [
      158,
      [
        "58302",
        "3017.8",
      ],
    ],
    [
      159,
      [
        "58671",
        "3052.8",
      ],
    ],
    [
      160,
      [
        "59040",
        "3088",
      ],
    ],
    [
      161,
      [
        "59409",
        "3123.4",
      ],
    ],
    [
      162,
      [
        "59778",
        "3159",
      ],
    ],
    [
      163,
      [
        "60147",
        "3194.8",
      ],
    ],
    [
      164,
      [
        "60516",
        "3230.8",
      ],
    ],
    [
      175,
      [
        "64575",
        "3640",
      ],
    ],
    [
      176,
      [
        "64944",
        "3678.4",
      ],
    ],
    [
      177,
      [
        "65313",
        "3717",
      ],
    ],
    [
      178,
      [
        "65682",
        "3755.8",
      ],
    ],
    [
      179,
      [
        "66051",
        "3794.8",
      ],
    ],
    [
      180,
      [
        "66420",
        "3834",
      ],
    ],
    [
      181,
      [
        "66789",
        "3873.4",
      ],
    ],
    [
      182,
      [
        "67158",
        "3913",
      ],
    ],
    [
      183,
      [
        "67527",
        "3952.8",
      ],
    ],
    [
      184,
      [
        "67896",
        "3992.8",
      ],
    ],
    [
      195,
      [
        "71955",
        "4446",
      ],
    ],
    [
      196,
      [
        "72324",
        "4488.4",
      ],
    ],
    [
      197,
      [
        "72693",
        "4531",
      ],
    ],
    [
      198,
      [
        "73062",
        "4573.8",
      ],
    ],
    [
      199,
      [
        "73431",
        "4616.8",
      ],
    ],
    [
      200,
      [
        "73800",
        "4660",
      ],
    ],
    [
      201,
      [
        "74169",
        "4703.4",
      ],
    ],
    [
      202,
      [
        "74538",
        "4747",
      ],
    ],
    [
      203,
      [
        "74907",
        "4790.8",
      ],
    ],
    [
      204,
      [
        "75276",
        "4834.8",
      ],
    ],
    [
      215,
      [
        "79335",
        "5332",
      ],
    ],
    [
      216,
      [
        "79704",
        "5378.4",
      ],
    ],
    [
      217,
      [
        "80073",
        "5425",
      ],
    ],
    [
      218,
      [
        "80442",
        "5471.8",
      ],
    ],
    [
      219,
      [
        "80811",
        "5518.8",
      ],
    ],
    [
      220,
      [
        "81180",
        "5566",
      ],
    ],
    [
      221,
      [
        "81549",
        "5613.4",
      ],
    ],
    [
      222,
      [
        "81918",
        "5661",
      ],
    ],
    [
      223,
      [
        "82287",
        "5708.8",
      ],
    ],
    [
      224,
      [
        "82656",
        "5756.8",
      ],
    ],
    [
      235,
      [
        "86715",
        "6298",
      ],
    ],
    [
      236,
      [
        "87084",
        "6348.4",
      ],
    ],
    [
      237,
      [
        "87453",
        "6399",
      ],
    ],
    [
      238,
      [
        "87822",
        "6449.8",
      ],
    ],
    [
      239,
      [
        "88191",
        "6500.8",
      ],
    ],
    [
      240,
      [
        "88560",
        "6552",
      ],
    ],
    [
      241,
      [
        "88929",
        "6603.4",
      ],
    ],
    [
      242,
      [
        "89298",
        "6655",
      ],
    ],
    [
      243,
      [
        "89667",
        "6706.8",
      ],
    ],
    [
      244,
      [
        "90036",
        "6758.8",
      ],
    ],
    [
      255,
      [
        "94095",
        "7344",
      ],
    ],
    [
      256,
      [
        "94464",
        "7398.4",
      ],
    ],
    [
      257,
      [
        "94833",
        "7453",
      ],
    ],
    [
      258,
      [
        "95202",
        "7507.8",
      ],
    ],
    [
      259,
      [
        "95571",
        "7562.8",
      ],
    ],
    [
      260,
      [
        "95940",
        "7618",
      ],
    ],
    [
      261,
      [
        "96309",
        "7673.4",
      ],
    ],
    [
      262,
      [
        "96678",
        "7729",
      ],
    ],
    [
      263,
      [
        "97047",
        "7784.8",
      ],
    ],
    [
      264,
      [
        "97416",
        "7840.8",
      ],
    ],
    [
      275,
      [
        "101475",
        "8470",
      ],
    ],
    [
      276,
      [
        "101844",
        "8528.4",
      ],
    ],
    [
      277,
      [
        "102213",
        "8587",
      ],
    ],
    [
      278,
      [
        "102582",
        "8645.8",
      ],
    ],
    [
      279,
      [
        "102951",
        "8704.8",
      ],
    ],
    [
      280,
      [
        "103320",
        "8764",
      ],
    ],
    [
      281,
      [
        "103689",
        "8823.4",
      ],
    ],
    [
      282,
      [
        "104058",
        "8883",
      ],
    ],
    [
      283,
      [
        "104427",
        "8942.8",
      ],
    ],
    [
      284,
      [
        "104796",
        "9002.8",
      ],
    ],
    [
      295,
      [
        "108855",
        "9676",
      ],
    ],
    [
      296,
      [
        "109224",
        "9738.4",
      ],
    ],
    [
      297,
      [
        "109593",
        "9801",
      ],
    ],
    [
      298,
      [
        "109962",
        "9863.8",
      ],
    ],
    [
      299,
      [
        "110331",
        "9926.8",
      ],
    ],
    [
      300,
      [
        "110700",
        "9990",
      ],
    ],
    [
      301,
      [
        "111069",
        "10053.4",
      ],
    ],
    [
      302,
      [
        "111438",
        "10117",
      ],
    ],
    [
      303,
      [
        "111807",
        "10180.8",
      ],
    ],
    [
      304,
      [
        "112176",
        "10244.8",
      ],
    ],
    [
      315,
      [
        "116235",
        "10962",
      ],
    ],
    [
      316,
      [
        "116604",
        "11028.4",
      ],
    ],
    [
      317,
      [
        "116973",
        "11095",
      ],
    ],
    [
      318,
      [
        "117342",
        "11161.8",
      ],
    ],
    [
      319,
      [
        "117711",
        "11228.8",
      ],
    ],
    [
      320,
      [
        "118080",
        "11296",
      ],
    ],
    [
      321,
      [
        "118449",
        "11363.4",
      ],
    ],
    [
      322,
      [
        "118818",
        "11431",
      ],
    ],
    [
      323,
      [
        "119187",
        "11498.8",
      ],
    ],
    [
      324,
      [
        "119556",
        "11566.8",
      ],
    ],
    [
      335,
      [
        "123615",
        "12328",
      ],
    ],
    [
      336,
      [
        "123984",
        "12398.4",
      ],
    ],
    [
      337,
      [
        "124353",
        "12469",
      ],
    ],
    [
      338,
      [
        "124722",
        "12539.8",
      ],
    ],
    [
      339,
      [
        "125091",
        "12610.8",
      ],
    ],
    [
      340,
      [
        "125460",
        "12682",
      ],
    ],
    [
      341,
      [
        "125829",
        "12753.4",
      ],
    ],
    [
      342,
      [
        "126198",
        "12825",
      ],
    ],
    [
      343,
      [
        "126567",
        "12896.8",
      ],
    ],
    [
      344,
      [
        "126936",
        "12968.8",
      ],
    ],
    [
      355,
      [
        "130995",
        "13774",
      ],
    ],
    [
      356,
      [
        "131364",
        "13848.4",
      ],
    ],
    [
      357,
      [
        "131733",
        "13923",
      ],
    ],
    [
      358,
      [
        "132102",
        "13997.8",
      ],
    ],
    [
      359,
      [
        "132471",
        "14072.8",
      ],
    ],
    [
      360,
      [
        "132840",
        "14148",
      ],
    ],
    [
      361,
      [
        "133209",
        "14223.4",
      ],
    ],
    [
      362,
      [
        "133578",
        "14299",
      ],
    ],
    [
      363,
      [
        "133947",
        "14374.8",
      ],
    ],
    [
      364,
      [
        "134316",
        "14450.8",
      ],
    ],
    [
      375,
      [
        "138375",
        "15300",
      ],
    ],
    [
      376,
      [
        "138744",
        "15378.4",
      ],
    ],
    [
      377,
      [
        "139113",
        "15457",
      ],
    ],
    [
      378,
      [
        "139482",
        "15535.8",
      ],
    ],
    [
      379,
      [
        "139851",
        "15614.8",
      ],
    ],
    [
      380,
      [
        "140220",
        "15694",
      ],
    ],
    [
      381,
      [
        "140589",
        "15773.4",
      ],
    ],
    [
      382,
      [
        "140958",
        "15853",
      ],
    ],
    [
      383,
      [
        "141327",
        "15932.8",
      ],
    ],
    [
      384,
      [
        "141696",
        "16012.8",
      ],
    ],
    [
      395,
      [
        "145755",
        "16906",
      ],
    ],
    [
      396,
      [
        "146124",
        "16988.4",
      ],
    ],
    [
      397,
      [
        "146493",
        "17071",
      ],
    ],
    [
      398,
      [
        "146862",
        "17153.8",
      ],
    ],
    [
      399,
      [
        "147231",
        "17236.8",
      ],
    ],
    [
      400,
      [
        "147600",
        "17320",
      ],
    ],
    [
      401,
      [
        "147969",
        "17403.4",
      ],
    ],
    [
      402,
      [
        "148338",
        "17487",
      ],
    ],
    [
      403,
      [
        "148707",
        "17570.8",
      ],
    ],
    [
      404,
      [
        "149076",
        "17654.8",
      ],
    ],
    [
      415,
      [
        "153135",
        "18592",
      ],
    ],
    [
      416,
      [
        "153504",
        "18678.4",
      ],
    ],
    [
      417,
      [
        "153873",
        "18765",
      ],
    ],
    [
      418,
      [
        "154242",
        "18851.8",
      ],
    ],
    [
      419,
      [
        "154611",
        "18938.8",
      ],
    ],
    [
      420,
      [
        "154980",
        "19026",
      ],
    ],
    [
      421,
      [
        "155349",
        "19113.4",
      ],
    ],
    [
      422,
      [
        "155718",
        "19201",
      ],
    ],
    [
      423,
      [
        "156087",
        "19288.8",
      ],
    ],
    [
      424,
      [
        "156456",
        "19376.8",
      ],
    ],
    [
      435,
      [
        "160515",
        "20358",
      ],
    ],
    [
      436,
      [
        "160884",
        "20448.4",
      ],
    ],
    [
      437,
      [
        "161253",
        "20539",
      ],
    ],
    [
      438,
      [
        "161622",
        "20629.8",
      ],
    ],
    [
      439,
      [
        "161991",
        "20720.8",
      ],
    ],
    [
      440,
      [
        "162360",
        "20812",
      ],
    ],
    [
      441,
      [
        "162729",
        "20903.4",
      ],
    ],
    [
      442,
      [
        "163098",
        "20995",
      ],
    ],
    [
      443,
      [
        "163467",
        "21086.8",
      ],
    ],
    [
      444,
      [
        "163836",
        "21178.8",
      ],
    ],
    [
      455,
      [
        "167895",
        "22204",
      ],
    ],
    [
      456,
      [
        "168264",
        "22298.4",
      ],
    ],
    [
      457,
      [
        "168633",
        "22393",
      ],
    ],
    [
      458,
      [
        "169002",
        "22487.8",
      ],
    ],
    [
      459,
      [
        "169371",
        "22582.8",
      ],
    ],
    [
      460,
      [
        "169740",
        "22678",
      ],
    ],
    [
      461,
      [
        "170109",
        "22773.4",
      ],
    ],
    [
      462,
      [
        "170478",
        "22869",
      ],
    ],
    [
      463,
      [
        "170847",
        "22964.8",
      ],
    ],
    [
      464,
      [
        "171216",
        "23060.8",
      ],
    ],
    [
      475,
      [
        "175275",
        "24130",
      ],
    ],
    [
      476,
      [
        "175644",
        "24228.4",
      ],
    ],
    [
      477,
      [
        "176013",
        "24327",
      ],
    ],
    [
      478,
      [
        "176382",
        "24425.8",
      ],
    ],
    [
      479,
      [
        "176751",
        "24524.8",
      ],
    ],
    [
      480,
      [
        "177120",
        "24624",
      ],
    ],
    [
      481,
      [
        "177489",
        "24723.4",
      ],
    ],
    [
      482,
      [
        "177858",
        "24823",
      ],
    ],
    [
      483,
      [
        "178227",
        "24922.8",
      ],
    ],
    [
      484,
      [
        "178596",
        "25022.8",
      ],
    ],
    [
      495,
      [
        "182655",
        "26136",
      ],
    ],
    [
      496,
      [
        "183024",
        "26238.4",
      ],
    ],
    [
      497,
      [
        "183393",
        "26341",
      ],
    ],
    [
      498,
      [
        "183762",
        "26443.8",
      ],
    ],
    [
      499,
      [
        "184131",
        "26546.8",
      ],
    ],
    [
      500,
      [
        "184500",
        "26650",
      ],
    ],
  ],
  17 => [],
  18 => [
    [
      1,
      [
        "2718",
        "13.02",
      ],
    ],
    [
      2,
      [
        "5436",
        "26.08",
      ],
    ],
    [
      3,
      [
        "8154",
        "39.18",
      ],
    ],
    [
      4,
      [
        "10872",
        "52.32",
      ],
    ],
    [
      5,
      [
        "13590",
        "65.5",
      ],
    ],
    [
      6,
      [
        "16308",
        "78.72",
      ],
    ],
    [
      7,
      [
        "19026",
        "91.98",
      ],
    ],
    [
      8,
      [
        "21744",
        "105.28",
      ],
    ],
    [
      9,
      [
        "24462",
        "118.62",
      ],
    ],
    [
      10,
      [
        "27180",
        "132",
      ],
    ],
    [
      11,
      [
        "29898",
        "145.42",
      ],
    ],
    [
      12,
      [
        "32616",
        "158.88",
      ],
    ],
    [
      13,
      [
        "35334",
        "172.38",
      ],
    ],
    [
      14,
      [
        "38052",
        "185.92",
      ],
    ],
    [
      15,
      [
        "40770",
        "199.5",
      ],
    ],
    [
      16,
      [
        "43488",
        "213.12",
      ],
    ],
    [
      17,
      [
        "46206",
        "226.78",
      ],
    ],
    [
      18,
      [
        "48924",
        "240.48",
      ],
    ],
    [
      19,
      [
        "51642",
        "254.22",
      ],
    ],
    [
      20,
      [
        "54360",
        "268",
      ],
    ],
    [
      21,
      [
        "57078",
        "281.82",
      ],
    ],
    [
      22,
      [
        "59796",
        "295.68",
      ],
    ],
    [
      23,
      [
        "62514",
        "309.58",
      ],
    ],
    [
      24,
      [
        "65232",
        "323.52",
      ],
    ],
    [
      25,
      [
        "67950",
        "337.5",
      ],
    ],
    [
      26,
      [
        "70668",
        "351.52",
      ],
    ],
    [
      27,
      [
        "73386",
        "365.58",
      ],
    ],
    [
      28,
      [
        "76104",
        "379.68",
      ],
    ],
    [
      29,
      [
        "78822",
        "393.82",
      ],
    ],
    [
      30,
      [
        "81540",
        "408",
      ],
    ],
    [
      31,
      [
        "84258",
        "422.22",
      ],
    ],
    [
      32,
      [
        "86976",
        "436.48",
      ],
    ],
    [
      33,
      [
        "89694",
        "450.78",
      ],
    ],
    [
      34,
      [
        "92412",
        "465.12",
      ],
    ],
    [
      35,
      [
        "95130",
        "479.5",
      ],
    ],
    [
      36,
      [
        "97848",
        "493.92",
      ],
    ],
    [
      37,
      [
        "100566",
        "508.38",
      ],
    ],
    [
      38,
      [
        "103284",
        "522.88",
      ],
    ],
    [
      39,
      [
        "106002",
        "537.42",
      ],
    ],
    [
      40,
      [
        "108720",
        "552",
      ],
    ],
    [
      41,
      [
        "111438",
        "566.62",
      ],
    ],
    [
      42,
      [
        "114156",
        "581.28",
      ],
    ],
    [
      43,
      [
        "116874",
        "595.98",
      ],
    ],
    [
      44,
      [
        "119592",
        "610.72",
      ],
    ],
    [
      45,
      [
        "122310",
        "625.5",
      ],
    ],
    [
      46,
      [
        "125028",
        "640.32",
      ],
    ],
    [
      47,
      [
        "127746",
        "655.18",
      ],
    ],
    [
      48,
      [
        "130464",
        "670.08",
      ],
    ],
    [
      49,
      [
        "133182",
        "685.02",
      ],
    ],
    [
      50,
      [
        "135900",
        "700",
      ],
    ],
    [
      51,
      [
        "138618",
        "715.02",
      ],
    ],
    [
      52,
      [
        "141336",
        "730.08",
      ],
    ],
    [
      53,
      [
        "144054",
        "745.18",
      ],
    ],
    [
      54,
      [
        "146772",
        "760.32",
      ],
    ],
    [
      55,
      [
        "149490",
        "775.5",
      ],
    ],
    [
      56,
      [
        "152208",
        "790.72",
      ],
    ],
    [
      57,
      [
        "154926",
        "805.98",
      ],
    ],
    [
      58,
      [
        "157644",
        "821.28",
      ],
    ],
    [
      59,
      [
        "160362",
        "836.62",
      ],
    ],
    [
      60,
      [
        "163080",
        "852",
      ],
    ],
    [
      61,
      [
        "165798",
        "867.42",
      ],
    ],
    [
      62,
      [
        "168516",
        "882.88",
      ],
    ],
    [
      63,
      [
        "171234",
        "898.38",
      ],
    ],
    [
      64,
      [
        "173952",
        "913.92",
      ],
    ],
    [
      65,
      [
        "176670",
        "929.5",
      ],
    ],
    [
      66,
      [
        "179388",
        "945.12",
      ],
    ],
    [
      67,
      [
        "182106",
        "960.78",
      ],
    ],
    [
      68,
      [
        "184824",
        "976.48",
      ],
    ],
    [
      69,
      [
        "187542",
        "992.22",
      ],
    ],
    [
      70,
      [
        "190260",
        "1008",
      ],
    ],
    [
      71,
      [
        "192978",
        "1023.82",
      ],
    ],
    [
      72,
      [
        "195696",
        "1039.68",
      ],
    ],
    [
      73,
      [
        "198414",
        "1055.58",
      ],
    ],
    [
      74,
      [
        "201132",
        "1071.52",
      ],
    ],
    [
      75,
      [
        "203850",
        "1087.5",
      ],
    ],
    [
      76,
      [
        "206568",
        "1103.52",
      ],
    ],
    [
      77,
      [
        "209286",
        "1119.58",
      ],
    ],
    [
      78,
      [
        "212004",
        "1135.68",
      ],
    ],
    [
      79,
      [
        "214722",
        "1151.82",
      ],
    ],
    [
      80,
      [
        "217440",
        "1168",
      ],
    ],
    [
      81,
      [
        "220158",
        "1184.22",
      ],
    ],
    [
      82,
      [
        "222876",
        "1200.48",
      ],
    ],
    [
      83,
      [
        "225594",
        "1216.78",
      ],
    ],
    [
      84,
      [
        "228312",
        "1233.12",
      ],
    ],
    [
      85,
      [
        "231030",
        "1249.5",
      ],
    ],
    [
      86,
      [
        "233748",
        "1265.92",
      ],
    ],
    [
      87,
      [
        "236466",
        "1282.38",
      ],
    ],
    [
      88,
      [
        "239184",
        "1298.88",
      ],
    ],
    [
      89,
      [
        "241902",
        "1315.42",
      ],
    ],
    [
      90,
      [
        "244620",
        "1332",
      ],
    ],
    [
      91,
      [
        "247338",
        "1348.62",
      ],
    ],
    [
      92,
      [
        "250056",
        "1365.28",
      ],
    ],
    [
      93,
      [
        "252774",
        "1381.98",
      ],
    ],
    [
      94,
      [
        "255492",
        "1398.72",
      ],
    ],
    [
      95,
      [
        "258210",
        "1415.5",
      ],
    ],
    [
      96,
      [
        "260928",
        "1432.32",
      ],
    ],
    [
      97,
      [
        "263646",
        "1449.18",
      ],
    ],
    [
      98,
      [
        "266364",
        "1466.08",
      ],
    ],
    [
      99,
      [
        "269082",
        "1483.02",
      ],
    ],
    [
      100,
      [
        "271800",
        "1500",
      ],
    ],
    [
      101,
      [
        "274518",
        "1517.02",
      ],
    ],
    [
      102,
      [
        "277236",
        "1534.08",
      ],
    ],
    [
      103,
      [
        "279954",
        "1551.18",
      ],
    ],
    [
      104,
      [
        "282672",
        "1568.32",
      ],
    ],
    [
      105,
      [
        "285390",
        "1585.5",
      ],
    ],
    [
      106,
      [
        "288108",
        "1602.72",
      ],
    ],
    [
      107,
      [
        "290826",
        "1619.98",
      ],
    ],
    [
      108,
      [
        "293544",
        "1637.28",
      ],
    ],
    [
      109,
      [
        "296262",
        "1654.62",
      ],
    ],
    [
      110,
      [
        "298980",
        "1672",
      ],
    ],
    [
      111,
      [
        "301698",
        "1689.42",
      ],
    ],
    [
      112,
      [
        "304416",
        "1706.88",
      ],
    ],
    [
      113,
      [
        "307134",
        "1724.38",
      ],
    ],
    [
      114,
      [
        "309852",
        "1741.92",
      ],
    ],
    [
      115,
      [
        "312570",
        "1759.5",
      ],
    ],
    [
      116,
      [
        "315288",
        "1777.12",
      ],
    ],
    [
      117,
      [
        "318006",
        "1794.78",
      ],
    ],
    [
      118,
      [
        "320724",
        "1812.48",
      ],
    ],
    [
      119,
      [
        "323442",
        "1830.22",
      ],
    ],
    [
      120,
      [
        "326160",
        "1848",
      ],
    ],
    [
      121,
      [
        "328878",
        "1865.82",
      ],
    ],
    [
      122,
      [
        "331596",
        "1883.68",
      ],
    ],
    [
      123,
      [
        "334314",
        "1901.58",
      ],
    ],
    [
      124,
      [
        "337032",
        "1919.52",
      ],
    ],
    [
      125,
      [
        "339750",
        "1937.5",
      ],
    ],
    [
      126,
      [
        "342468",
        "1955.52",
      ],
    ],
    [
      127,
      [
        "345186",
        "1973.58",
      ],
    ],
    [
      128,
      [
        "347904",
        "1991.68",
      ],
    ],
    [
      129,
      [
        "350622",
        "2009.82",
      ],
    ],
    [
      130,
      [
        "353340",
        "2028",
      ],
    ],
    [
      131,
      [
        "356058",
        "2046.22",
      ],
    ],
    [
      132,
      [
        "358776",
        "2064.48",
      ],
    ],
    [
      133,
      [
        "361494",
        "2082.78",
      ],
    ],
    [
      134,
      [
        "364212",
        "2101.12",
      ],
    ],
    [
      135,
      [
        "366930",
        "2119.5",
      ],
    ],
    [
      136,
      [
        "369648",
        "2137.92",
      ],
    ],
    [
      137,
      [
        "372366",
        "2156.38",
      ],
    ],
    [
      138,
      [
        "375084",
        "2174.88",
      ],
    ],
    [
      139,
      [
        "377802",
        "2193.42",
      ],
    ],
    [
      140,
      [
        "380520",
        "2212",
      ],
    ],
    [
      141,
      [
        "383238",
        "2230.62",
      ],
    ],
    [
      142,
      [
        "385956",
        "2249.28",
      ],
    ],
    [
      143,
      [
        "388674",
        "2267.98",
      ],
    ],
    [
      144,
      [
        "391392",
        "2286.72",
      ],
    ],
    [
      145,
      [
        "394110",
        "2305.5",
      ],
    ],
    [
      146,
      [
        "396828",
        "2324.32",
      ],
    ],
    [
      147,
      [
        "399546",
        "2343.18",
      ],
    ],
    [
      148,
      [
        "402264",
        "2362.08",
      ],
    ],
    [
      149,
      [
        "404982",
        "2381.02",
      ],
    ],
    [
      150,
      [
        "407700",
        "2400",
      ],
    ],
    [
      151,
      [
        "410418",
        "2419.02",
      ],
    ],
    [
      152,
      [
        "413136",
        "2438.08",
      ],
    ],
    [
      153,
      [
        "415854",
        "2457.18",
      ],
    ],
    [
      154,
      [
        "418572",
        "2476.32",
      ],
    ],
    [
      155,
      [
        "421290",
        "2495.5",
      ],
    ],
    [
      156,
      [
        "424008",
        "2514.72",
      ],
    ],
    [
      157,
      [
        "426726",
        "2533.98",
      ],
    ],
    [
      158,
      [
        "429444",
        "2553.28",
      ],
    ],
    [
      159,
      [
        "432162",
        "2572.62",
      ],
    ],
    [
      160,
      [
        "434880",
        "2592",
      ],
    ],
    [
      161,
      [
        "437598",
        "2611.42",
      ],
    ],
    [
      162,
      [
        "440316",
        "2630.88",
      ],
    ],
    [
      163,
      [
        "443034",
        "2650.38",
      ],
    ],
    [
      164,
      [
        "445752",
        "2669.92",
      ],
    ],
    [
      165,
      [
        "448470",
        "2689.5",
      ],
    ],
    [
      166,
      [
        "451188",
        "2709.12",
      ],
    ],
    [
      167,
      [
        "453906",
        "2728.78",
      ],
    ],
    [
      168,
      [
        "456624",
        "2748.48",
      ],
    ],
    [
      169,
      [
        "459342",
        "2768.22",
      ],
    ],
    [
      170,
      [
        "462060",
        "2788",
      ],
    ],
    [
      171,
      [
        "464778",
        "2807.82",
      ],
    ],
    [
      172,
      [
        "467496",
        "2827.68",
      ],
    ],
    [
      173,
      [
        "470214",
        "2847.58",
      ],
    ],
    [
      174,
      [
        "472932",
        "2867.52",
      ],
    ],
    [
      175,
      [
        "475650",
        "2887.5",
      ],
    ],
    [
      176,
      [
        "478368",
        "2907.52",
      ],
    ],
    [
      177,
      [
        "481086",
        "2927.58",
      ],
    ],
    [
      178,
      [
        "483804",
        "2947.68",
      ],
    ],
    [
      179,
      [
        "486522",
        "2967.82",
      ],
    ],
    [
      180,
      [
        "489240",
        "2988",
      ],
    ],
    [
      181,
      [
        "491958",
        "3008.22",
      ],
    ],
    [
      182,
      [
        "494676",
        "3028.48",
      ],
    ],
    [
      183,
      [
        "497394",
        "3048.78",
      ],
    ],
    [
      184,
      [
        "500112",
        "3069.12",
      ],
    ],
    [
      185,
      [
        "502830",
        "3089.5",
      ],
    ],
    [
      186,
      [
        "505548",
        "3109.92",
      ],
    ],
    [
      187,
      [
        "508266",
        "3130.38",
      ],
    ],
    [
      188,
      [
        "510984",
        "3150.88",
      ],
    ],
    [
      189,
      [
        "513702",
        "3171.42",
      ],
    ],
    [
      190,
      [
        "516420",
        "3192",
      ],
    ],
    [
      191,
      [
        "519138",
        "3212.62",
      ],
    ],
    [
      192,
      [
        "521856",
        "3233.28",
      ],
    ],
    [
      193,
      [
        "524574",
        "3253.98",
      ],
    ],
    [
      194,
      [
        "527292",
        "3274.72",
      ],
    ],
    [
      195,
      [
        "530010",
        "3295.5",
      ],
    ],
    [
      196,
      [
        "532728",
        "3316.32",
      ],
    ],
    [
      197,
      [
        "535446",
        "3337.18",
      ],
    ],
    [
      198,
      [
        "538164",
        "3358.08",
      ],
    ],
    [
      199,
      [
        "540882",
        "3379.02",
      ],
    ],
    [
      200,
      [
        "543600",
        "3400",
      ],
    ],
    [
      201,
      [
        "546318",
        "3421.02",
      ],
    ],
    [
      202,
      [
        "549036",
        "3442.08",
      ],
    ],
    [
      203,
      [
        "551754",
        "3463.18",
      ],
    ],
    [
      204,
      [
        "554472",
        "3484.32",
      ],
    ],
    [
      205,
      [
        "557190",
        "3505.5",
      ],
    ],
    [
      206,
      [
        "559908",
        "3526.72",
      ],
    ],
    [
      207,
      [
        "562626",
        "3547.98",
      ],
    ],
    [
      208,
      [
        "565344",
        "3569.28",
      ],
    ],
    [
      209,
      [
        "568062",
        "3590.62",
      ],
    ],
    [
      210,
      [
        "570780",
        "3612",
      ],
    ],
    [
      211,
      [
        "573498",
        "3633.42",
      ],
    ],
    [
      212,
      [
        "576216",
        "3654.88",
      ],
    ],
    [
      213,
      [
        "578934",
        "3676.38",
      ],
    ],
    [
      214,
      [
        "581652",
        "3697.92",
      ],
    ],
    [
      215,
      [
        "584370",
        "3719.5",
      ],
    ],
    [
      216,
      [
        "587088",
        "3741.12",
      ],
    ],
    [
      217,
      [
        "589806",
        "3762.78",
      ],
    ],
    [
      218,
      [
        "592524",
        "3784.48",
      ],
    ],
    [
      219,
      [
        "595242",
        "3806.22",
      ],
    ],
    [
      220,
      [
        "597960",
        "3828",
      ],
    ],
    [
      221,
      [
        "600678",
        "3849.82",
      ],
    ],
    [
      222,
      [
        "603396",
        "3871.68",
      ],
    ],
    [
      223,
      [
        "606114",
        "3893.58",
      ],
    ],
    [
      224,
      [
        "608832",
        "3915.52",
      ],
    ],
    [
      225,
      [
        "611550",
        "3937.5",
      ],
    ],
    [
      226,
      [
        "614268",
        "3959.52",
      ],
    ],
    [
      227,
      [
        "616986",
        "3981.58",
      ],
    ],
    [
      228,
      [
        "619704",
        "4003.68",
      ],
    ],
    [
      229,
      [
        "622422",
        "4025.82",
      ],
    ],
    [
      230,
      [
        "625140",
        "4048",
      ],
    ],
    [
      231,
      [
        "627858",
        "4070.22",
      ],
    ],
    [
      232,
      [
        "630576",
        "4092.48",
      ],
    ],
    [
      233,
      [
        "633294",
        "4114.78",
      ],
    ],
    [
      234,
      [
        "636012",
        "4137.12",
      ],
    ],
    [
      235,
      [
        "638730",
        "4159.5",
      ],
    ],
    [
      236,
      [
        "641448",
        "4181.92",
      ],
    ],
    [
      237,
      [
        "644166",
        "4204.38",
      ],
    ],
    [
      238,
      [
        "646884",
        "4226.88",
      ],
    ],
    [
      239,
      [
        "649602",
        "4249.42",
      ],
    ],
    [
      240,
      [
        "652320",
        "4272",
      ],
    ],
    [
      241,
      [
        "655038",
        "4294.62",
      ],
    ],
    [
      242,
      [
        "657756",
        "4317.28",
      ],
    ],
    [
      243,
      [
        "660474",
        "4339.98",
      ],
    ],
    [
      244,
      [
        "663192",
        "4362.72",
      ],
    ],
    [
      245,
      [
        "665910",
        "4385.5",
      ],
    ],
    [
      246,
      [
        "668628",
        "4408.32",
      ],
    ],
    [
      247,
      [
        "671346",
        "4431.18",
      ],
    ],
    [
      248,
      [
        "674064",
        "4454.08",
      ],
    ],
    [
      249,
      [
        "676782",
        "4477.02",
      ],
    ],
    [
      250,
      [
        "679500",
        "4500",
      ],
    ],
    [
      751,
      [
        "2041218",
        "21043.02",
      ],
    ],
    [
      752,
      [
        "2043936",
        "21086.08",
      ],
    ],
    [
      753,
      [
        "2046654",
        "21129.18",
      ],
    ],
    [
      754,
      [
        "2049372",
        "21172.32",
      ],
    ],
    [
      755,
      [
        "2052090",
        "21215.5",
      ],
    ],
    [
      756,
      [
        "2054808",
        "21258.72",
      ],
    ],
    [
      757,
      [
        "2057526",
        "21301.98",
      ],
    ],
    [
      758,
      [
        "2060244",
        "21345.28",
      ],
    ],
    [
      759,
      [
        "2062962",
        "21388.62",
      ],
    ],
    [
      760,
      [
        "2065680",
        "21432",
      ],
    ],
    [
      761,
      [
        "2068398",
        "21475.42",
      ],
    ],
    [
      762,
      [
        "2071116",
        "21518.88",
      ],
    ],
    [
      763,
      [
        "2073834",
        "21562.38",
      ],
    ],
    [
      764,
      [
        "2076552",
        "21605.92",
      ],
    ],
    [
      765,
      [
        "2079270",
        "21649.5",
      ],
    ],
    [
      766,
      [
        "2081988",
        "21693.12",
      ],
    ],
    [
      767,
      [
        "2084706",
        "21736.78",
      ],
    ],
    [
      768,
      [
        "2087424",
        "21780.48",
      ],
    ],
    [
      769,
      [
        "2090142",
        "21824.22",
      ],
    ],
    [
      770,
      [
        "2092860",
        "21868",
      ],
    ],
    [
      771,
      [
        "2095578",
        "21911.82",
      ],
    ],
    [
      772,
      [
        "2098296",
        "21955.68",
      ],
    ],
    [
      773,
      [
        "2101014",
        "21999.58",
      ],
    ],
    [
      774,
      [
        "2103732",
        "22043.52",
      ],
    ],
    [
      775,
      [
        "2106450",
        "22087.5",
      ],
    ],
    [
      776,
      [
        "2109168",
        "22131.52",
      ],
    ],
    [
      777,
      [
        "2111886",
        "22175.58",
      ],
    ],
    [
      778,
      [
        "2114604",
        "22219.68",
      ],
    ],
    [
      779,
      [
        "2117322",
        "22263.82",
      ],
    ],
    [
      780,
      [
        "2120040",
        "22308",
      ],
    ],
    [
      781,
      [
        "2122758",
        "22352.22",
      ],
    ],
    [
      782,
      [
        "2125476",
        "22396.48",
      ],
    ],
    [
      783,
      [
        "2128194",
        "22440.78",
      ],
    ],
    [
      784,
      [
        "2130912",
        "22485.12",
      ],
    ],
    [
      785,
      [
        "2133630",
        "22529.5",
      ],
    ],
    [
      786,
      [
        "2136348",
        "22573.92",
      ],
    ],
    [
      787,
      [
        "2139066",
        "22618.38",
      ],
    ],
    [
      788,
      [
        "2141784",
        "22662.88",
      ],
    ],
    [
      789,
      [
        "2144502",
        "22707.42",
      ],
    ],
    [
      790,
      [
        "2147220",
        "22752",
      ],
    ],
    [
      791,
      [
        "2149938",
        "22796.62",
      ],
    ],
    [
      792,
      [
        "2152656",
        "22841.28",
      ],
    ],
    [
      793,
      [
        "2155374",
        "22885.98",
      ],
    ],
    [
      794,
      [
        "2158092",
        "22930.72",
      ],
    ],
    [
      795,
      [
        "2160810",
        "22975.5",
      ],
    ],
    [
      796,
      [
        "2163528",
        "23020.32",
      ],
    ],
    [
      797,
      [
        "2166246",
        "23065.18",
      ],
    ],
    [
      798,
      [
        "2168964",
        "23110.08",
      ],
    ],
    [
      799,
      [
        "2171682",
        "23155.02",
      ],
    ],
    [
      800,
      [
        "2174400",
        "23200",
      ],
    ],
    [
      801,
      [
        "2177118",
        "23245.02",
      ],
    ],
    [
      802,
      [
        "2179836",
        "23290.08",
      ],
    ],
    [
      803,
      [
        "2182554",
        "23335.18",
      ],
    ],
    [
      804,
      [
        "2185272",
        "23380.32",
      ],
    ],
    [
      805,
      [
        "2187990",
        "23425.5",
      ],
    ],
    [
      806,
      [
        "2190708",
        "23470.72",
      ],
    ],
    [
      807,
      [
        "2193426",
        "23515.98",
      ],
    ],
    [
      808,
      [
        "2196144",
        "23561.28",
      ],
    ],
    [
      809,
      [
        "2198862",
        "23606.62",
      ],
    ],
    [
      810,
      [
        "2201580",
        "23652",
      ],
    ],
    [
      811,
      [
        "2204298",
        "23697.42",
      ],
    ],
    [
      812,
      [
        "2207016",
        "23742.88",
      ],
    ],
    [
      813,
      [
        "2209734",
        "23788.38",
      ],
    ],
    [
      814,
      [
        "2212452",
        "23833.92",
      ],
    ],
    [
      815,
      [
        "2215170",
        "23879.5",
      ],
    ],
    [
      816,
      [
        "2217888",
        "23925.12",
      ],
    ],
    [
      817,
      [
        "2220606",
        "23970.78",
      ],
    ],
    [
      818,
      [
        "2223324",
        "24016.48",
      ],
    ],
    [
      819,
      [
        "2226042",
        "24062.22",
      ],
    ],
    [
      820,
      [
        "2228760",
        "24108",
      ],
    ],
    [
      821,
      [
        "2231478",
        "24153.82",
      ],
    ],
    [
      822,
      [
        "2234196",
        "24199.68",
      ],
    ],
    [
      823,
      [
        "2236914",
        "24245.58",
      ],
    ],
    [
      824,
      [
        "2239632",
        "24291.52",
      ],
    ],
    [
      825,
      [
        "2242350",
        "24337.5",
      ],
    ],
    [
      826,
      [
        "2245068",
        "24383.52",
      ],
    ],
    [
      827,
      [
        "2247786",
        "24429.58",
      ],
    ],
    [
      828,
      [
        "2250504",
        "24475.68",
      ],
    ],
    [
      829,
      [
        "2253222",
        "24521.82",
      ],
    ],
    [
      830,
      [
        "2255940",
        "24568",
      ],
    ],
    [
      831,
      [
        "2258658",
        "24614.22",
      ],
    ],
    [
      832,
      [
        "2261376",
        "24660.48",
      ],
    ],
    [
      833,
      [
        "2264094",
        "24706.78",
      ],
    ],
    [
      834,
      [
        "2266812",
        "24753.12",
      ],
    ],
    [
      835,
      [
        "2269530",
        "24799.5",
      ],
    ],
    [
      836,
      [
        "2272248",
        "24845.92",
      ],
    ],
    [
      837,
      [
        "2274966",
        "24892.38",
      ],
    ],
    [
      838,
      [
        "2277684",
        "24938.88",
      ],
    ],
    [
      839,
      [
        "2280402",
        "24985.42",
      ],
    ],
    [
      840,
      [
        "2283120",
        "25032",
      ],
    ],
    [
      841,
      [
        "2285838",
        "25078.62",
      ],
    ],
    [
      842,
      [
        "2288556",
        "25125.28",
      ],
    ],
    [
      843,
      [
        "2291274",
        "25171.98",
      ],
    ],
    [
      844,
      [
        "2293992",
        "25218.72",
      ],
    ],
    [
      845,
      [
        "2296710",
        "25265.5",
      ],
    ],
    [
      846,
      [
        "2299428",
        "25312.32",
      ],
    ],
    [
      847,
      [
        "2302146",
        "25359.18",
      ],
    ],
    [
      848,
      [
        "2304864",
        "25406.08",
      ],
    ],
    [
      849,
      [
        "2307582",
        "25453.02",
      ],
    ],
    [
      850,
      [
        "2310300",
        "25500",
      ],
    ],
    [
      851,
      [
        "2313018",
        "25547.02",
      ],
    ],
    [
      852,
      [
        "2315736",
        "25594.08",
      ],
    ],
    [
      853,
      [
        "2318454",
        "25641.18",
      ],
    ],
    [
      854,
      [
        "2321172",
        "25688.32",
      ],
    ],
    [
      855,
      [
        "2323890",
        "25735.5",
      ],
    ],
    [
      856,
      [
        "2326608",
        "25782.72",
      ],
    ],
    [
      857,
      [
        "2329326",
        "25829.98",
      ],
    ],
    [
      858,
      [
        "2332044",
        "25877.28",
      ],
    ],
    [
      859,
      [
        "2334762",
        "25924.62",
      ],
    ],
    [
      860,
      [
        "2337480",
        "25972",
      ],
    ],
    [
      861,
      [
        "2340198",
        "26019.42",
      ],
    ],
    [
      862,
      [
        "2342916",
        "26066.88",
      ],
    ],
    [
      863,
      [
        "2345634",
        "26114.38",
      ],
    ],
    [
      864,
      [
        "2348352",
        "26161.92",
      ],
    ],
    [
      865,
      [
        "2351070",
        "26209.5",
      ],
    ],
    [
      866,
      [
        "2353788",
        "26257.12",
      ],
    ],
    [
      867,
      [
        "2356506",
        "26304.78",
      ],
    ],
    [
      868,
      [
        "2359224",
        "26352.48",
      ],
    ],
    [
      869,
      [
        "2361942",
        "26400.22",
      ],
    ],
    [
      870,
      [
        "2364660",
        "26448",
      ],
    ],
    [
      871,
      [
        "2367378",
        "26495.82",
      ],
    ],
    [
      872,
      [
        "2370096",
        "26543.68",
      ],
    ],
    [
      873,
      [
        "2372814",
        "26591.58",
      ],
    ],
    [
      874,
      [
        "2375532",
        "26639.52",
      ],
    ],
    [
      875,
      [
        "2378250",
        "26687.5",
      ],
    ],
    [
      876,
      [
        "2380968",
        "26735.52",
      ],
    ],
    [
      877,
      [
        "2383686",
        "26783.58",
      ],
    ],
    [
      878,
      [
        "2386404",
        "26831.68",
      ],
    ],
    [
      879,
      [
        "2389122",
        "26879.82",
      ],
    ],
    [
      880,
      [
        "2391840",
        "26928",
      ],
    ],
    [
      881,
      [
        "2394558",
        "26976.22",
      ],
    ],
    [
      882,
      [
        "2397276",
        "27024.48",
      ],
    ],
    [
      883,
      [
        "2399994",
        "27072.78",
      ],
    ],
    [
      884,
      [
        "2402712",
        "27121.12",
      ],
    ],
    [
      885,
      [
        "2405430",
        "27169.5",
      ],
    ],
    [
      886,
      [
        "2408148",
        "27217.92",
      ],
    ],
    [
      887,
      [
        "2410866",
        "27266.38",
      ],
    ],
    [
      888,
      [
        "2413584",
        "27314.88",
      ],
    ],
    [
      889,
      [
        "2416302",
        "27363.42",
      ],
    ],
    [
      890,
      [
        "2419020",
        "27412",
      ],
    ],
    [
      891,
      [
        "2421738",
        "27460.62",
      ],
    ],
    [
      892,
      [
        "2424456",
        "27509.28",
      ],
    ],
    [
      893,
      [
        "2427174",
        "27557.98",
      ],
    ],
    [
      894,
      [
        "2429892",
        "27606.72",
      ],
    ],
    [
      895,
      [
        "2432610",
        "27655.5",
      ],
    ],
    [
      896,
      [
        "2435328",
        "27704.32",
      ],
    ],
    [
      897,
      [
        "2438046",
        "27753.18",
      ],
    ],
    [
      898,
      [
        "2440764",
        "27802.08",
      ],
    ],
    [
      899,
      [
        "2443482",
        "27851.02",
      ],
    ],
    [
      900,
      [
        "2446200",
        "27900",
      ],
    ],
    [
      901,
      [
        "2448918",
        "27949.02",
      ],
    ],
    [
      902,
      [
        "2451636",
        "27998.08",
      ],
    ],
    [
      903,
      [
        "2454354",
        "28047.18",
      ],
    ],
    [
      904,
      [
        "2457072",
        "28096.32",
      ],
    ],
    [
      905,
      [
        "2459790",
        "28145.5",
      ],
    ],
    [
      906,
      [
        "2462508",
        "28194.72",
      ],
    ],
    [
      907,
      [
        "2465226",
        "28243.98",
      ],
    ],
    [
      908,
      [
        "2467944",
        "28293.28",
      ],
    ],
    [
      909,
      [
        "2470662",
        "28342.62",
      ],
    ],
    [
      910,
      [
        "2473380",
        "28392",
      ],
    ],
    [
      911,
      [
        "2476098",
        "28441.42",
      ],
    ],
    [
      912,
      [
        "2478816",
        "28490.88",
      ],
    ],
    [
      913,
      [
        "2481534",
        "28540.38",
      ],
    ],
    [
      914,
      [
        "2484252",
        "28589.92",
      ],
    ],
    [
      915,
      [
        "2486970",
        "28639.5",
      ],
    ],
    [
      916,
      [
        "2489688",
        "28689.12",
      ],
    ],
    [
      917,
      [
        "2492406",
        "28738.78",
      ],
    ],
    [
      918,
      [
        "2495124",
        "28788.48",
      ],
    ],
    [
      919,
      [
        "2497842",
        "28838.22",
      ],
    ],
    [
      920,
      [
        "2500560",
        "28888",
      ],
    ],
    [
      921,
      [
        "2503278",
        "28937.82",
      ],
    ],
    [
      922,
      [
        "2505996",
        "28987.68",
      ],
    ],
    [
      923,
      [
        "2508714",
        "29037.58",
      ],
    ],
    [
      924,
      [
        "2511432",
        "29087.52",
      ],
    ],
    [
      925,
      [
        "2514150",
        "29137.5",
      ],
    ],
    [
      926,
      [
        "2516868",
        "29187.52",
      ],
    ],
    [
      927,
      [
        "2519586",
        "29237.58",
      ],
    ],
    [
      928,
      [
        "2522304",
        "29287.68",
      ],
    ],
    [
      929,
      [
        "2525022",
        "29337.82",
      ],
    ],
    [
      930,
      [
        "2527740",
        "29388",
      ],
    ],
    [
      931,
      [
        "2530458",
        "29438.22",
      ],
    ],
    [
      932,
      [
        "2533176",
        "29488.48",
      ],
    ],
    [
      933,
      [
        "2535894",
        "29538.78",
      ],
    ],
    [
      934,
      [
        "2538612",
        "29589.12",
      ],
    ],
    [
      935,
      [
        "2541330",
        "29639.5",
      ],
    ],
    [
      936,
      [
        "2544048",
        "29689.92",
      ],
    ],
    [
      937,
      [
        "2546766",
        "29740.38",
      ],
    ],
    [
      938,
      [
        "2549484",
        "29790.88",
      ],
    ],
    [
      939,
      [
        "2552202",
        "29841.42",
      ],
    ],
    [
      940,
      [
        "2554920",
        "29892",
      ],
    ],
    [
      941,
      [
        "2557638",
        "29942.62",
      ],
    ],
    [
      942,
      [
        "2560356",
        "29993.28",
      ],
    ],
    [
      943,
      [
        "2563074",
        "30043.98",
      ],
    ],
    [
      944,
      [
        "2565792",
        "30094.72",
      ],
    ],
    [
      945,
      [
        "2568510",
        "30145.5",
      ],
    ],
    [
      946,
      [
        "2571228",
        "30196.32",
      ],
    ],
    [
      947,
      [
        "2573946",
        "30247.18",
      ],
    ],
    [
      948,
      [
        "2576664",
        "30298.08",
      ],
    ],
    [
      949,
      [
        "2579382",
        "30349.02",
      ],
    ],
    [
      950,
      [
        "2582100",
        "30400",
      ],
    ],
    [
      951,
      [
        "2584818",
        "30451.02",
      ],
    ],
    [
      952,
      [
        "2587536",
        "30502.08",
      ],
    ],
    [
      953,
      [
        "2590254",
        "30553.18",
      ],
    ],
    [
      954,
      [
        "2592972",
        "30604.32",
      ],
    ],
    [
      955,
      [
        "2595690",
        "30655.5",
      ],
    ],
    [
      956,
      [
        "2598408",
        "30706.72",
      ],
    ],
    [
      957,
      [
        "2601126",
        "30757.98",
      ],
    ],
    [
      958,
      [
        "2603844",
        "30809.28",
      ],
    ],
    [
      959,
      [
        "2606562",
        "30860.62",
      ],
    ],
    [
      960,
      [
        "2609280",
        "30912",
      ],
    ],
    [
      961,
      [
        "2611998",
        "30963.42",
      ],
    ],
    [
      962,
      [
        "2614716",
        "31014.88",
      ],
    ],
    [
      963,
      [
        "2617434",
        "31066.38",
      ],
    ],
    [
      964,
      [
        "2620152",
        "31117.92",
      ],
    ],
    [
      965,
      [
        "2622870",
        "31169.5",
      ],
    ],
    [
      966,
      [
        "2625588",
        "31221.12",
      ],
    ],
    [
      967,
      [
        "2628306",
        "31272.78",
      ],
    ],
    [
      968,
      [
        "2631024",
        "31324.48",
      ],
    ],
    [
      969,
      [
        "2633742",
        "31376.22",
      ],
    ],
    [
      970,
      [
        "2636460",
        "31428",
      ],
    ],
    [
      971,
      [
        "2639178",
        "31479.82",
      ],
    ],
    [
      972,
      [
        "2641896",
        "31531.68",
      ],
    ],
    [
      973,
      [
        "2644614",
        "31583.58",
      ],
    ],
    [
      974,
      [
        "2647332",
        "31635.52",
      ],
    ],
    [
      975,
      [
        "2650050",
        "31687.5",
      ],
    ],
    [
      976,
      [
        "2652768",
        "31739.52",
      ],
    ],
    [
      977,
      [
        "2655486",
        "31791.58",
      ],
    ],
    [
      978,
      [
        "2658204",
        "31843.68",
      ],
    ],
    [
      979,
      [
        "2660922",
        "31895.82",
      ],
    ],
    [
      980,
      [
        "2663640",
        "31948",
      ],
    ],
    [
      981,
      [
        "2666358",
        "32000.22",
      ],
    ],
    [
      982,
      [
        "2669076",
        "32052.48",
      ],
    ],
    [
      983,
      [
        "2671794",
        "32104.78",
      ],
    ],
    [
      984,
      [
        "2674512",
        "32157.12",
      ],
    ],
    [
      985,
      [
        "2677230",
        "32209.5",
      ],
    ],
    [
      986,
      [
        "2679948",
        "32261.92",
      ],
    ],
    [
      987,
      [
        "2682666",
        "32314.38",
      ],
    ],
    [
      988,
      [
        "2685384",
        "32366.88",
      ],
    ],
    [
      989,
      [
        "2688102",
        "32419.42",
      ],
    ],
    [
      990,
      [
        "2690820",
        "32472",
      ],
    ],
    [
      991,
      [
        "2693538",
        "32524.62",
      ],
    ],
    [
      992,
      [
        "2696256",
        "32577.28",
      ],
    ],
    [
      993,
      [
        "2698974",
        "32629.98",
      ],
    ],
    [
      994,
      [
        "2701692",
        "32682.72",
      ],
    ],
    [
      995,
      [
        "2704410",
        "32735.5",
      ],
    ],
    [
      996,
      [
        "2707128",
        "32788.32",
      ],
    ],
    [
      997,
      [
        "2709846",
        "32841.18",
      ],
    ],
    [
      998,
      [
        "2712564",
        "32894.08",
      ],
    ],
    [
      999,
      [
        "2715282",
        "32947.02",
      ],
    ],
    [
      1000,
      [
        "2718000",
        "33000",
      ],
    ],
  ],
}
`;
